               Stratigraphic Dataset bonntest

  Name
+
            above: 
            contemporary with: 
            equal to: 
            below: 27, 1, 54, 53
-
            above: 43, 41, 4, 70, 35
            contemporary with: 
            equal to: 
            below: 
1
            above: +
            contemporary with: 
            equal to: 
            below: 2
2
            above: 1
            contemporary with: 
            equal to: 
            below: 41, 3
27
            above: +
            contemporary with: 
            equal to: 
            below: 28, 29
28
            above: 27
            contemporary with: 
            equal to: 
            below: 30
29
            above: 27
            contemporary with: 
            equal to: 
            below: 30
3
            above: 2
            contemporary with: 
            equal to: 
            below: 4
30
            above: 28, 29
            contemporary with: 
            equal to: 
            below: 70
35
            above: 44, 54
            contemporary with: 
            equal to: 
            below: -
4
            above: 3
            contemporary with: 
            equal to: 
            below: -
41
            above: 52, 2
            contemporary with: 
            equal to: 
            below: -
42
            above: 52
            contemporary with: 
            equal to: 
            below: 70
43
            above: 52
            contemporary with: 
            equal to: 
            below: -
44
            above: 52
            contemporary with: 
            equal to: 
            below: 35
52
            above: 53
            contemporary with: 
            equal to: 
            below: 44, 43, 41, 42
53
            above: +
            contemporary with: 
            equal to: 
            below: 52
54
            above: +
            contemporary with: 
            equal to: 
            below: 35
70
            above: 42, 30
            contemporary with: 
            equal to: 
            below: -
